// Jest Snapshot v1, https://goo.gl/fbAQLP

exports[`Pruebas en <SearchPage /> debe de mostrarse correctamente con valores por defecto 1`] = `
<div>
  <h1>
    Search
  </h1>
  <hr />
  <div
    class="row"
  >
    <div
      class="col-5"
    >
      <h4>
        Searching
      </h4>
      <hr />
      <form>
        <input
          aria-label="form"
          autocomplete="off"
          class="form-control"
          name="searchText"
          placeholder="Find your hero"
          type="text"
          value=""
        />
        <button
          class="btn mt-1 btn-outline-primary mb-5 mt-2"
        >
          Search
        </button>
      </form>
    </div>
    <div
      class="col-7"
    >
      <h4>
        Results
      </h4>
      <hr />
      <div
        class="alert alert-info animate__animated animate__fadeIn"
      >
        Search a hero
      </div>
      <div
        aria-label="error-message"
        class="alert alert-danger animate__animated animate__fadeIn"
        style="display: none;"
      >
        There is no a hero with 
        <b />
      </div>
    </div>
  </div>
</div>
`;
